=== OFFICIAL RUN START: 2026-09-05T11:58:04.141881+00:00 ===
RUN_ID:     run-002-confirmatory
PREREG_SHA: 98929035eb86a6f65a83fc4538a732e98f13912a

[01/12] Requesting AT baseline (202507312200 -> 202606302200)...
  -> HTTP 200 OK (567573 bytes, SHA256: 598ec5c3e1d18871...)
[02/12] Requesting AT target (202606302200 -> 202607312200)...
  -> HTTP 200 OK (55980 bytes, SHA256: c1bbb4272f311570...)
[03/12] Requesting BE baseline (202507312200 -> 202606302200)...
  -> HTTP 200 OK (595788 bytes, SHA256: ea0650408bc16878...)
[04/12] Requesting BE target (202606302200 -> 202607312200)...
  -> HTTP 200 OK (60194 bytes, SHA256: f839c1b3414eabb4...)
[05/12] Requesting DK_1 baseline (202507312200 -> 202606302200)...
  -> HTTP 200 OK (424385 bytes, SHA256: 9727fc26cce384e1...)
[06/12] Requesting DK_1 target (202606302200 -> 202607312200)...
  -> HTTP 200 OK (40758 bytes, SHA256: 4d3b99a4697c1709...)
[07/12] Requesting DK_2 baseline (202507312200 -> 202606302200)...
  -> HTTP 200 OK (426988 bytes, SHA256: 00d7d0dc2e9ea318...)
[08/12] Requesting DK_2 target (202606302200 -> 202607312200)...
  -> HTTP 200 OK (41801 bytes, SHA256: 348aaf20c57c7e05...)
[09/12] Requesting FR baseline (202507312200 -> 202606302200)...
  -> HTTP 200 OK (437109 bytes, SHA256: bf07f7724193fce5...)
[10/12] Requesting FR target (202606302200 -> 202607312200)...
  -> HTTP 200 OK (41296 bytes, SHA256: d9f0f5db860a1574...)
[11/12] Requesting NL baseline (202507312200 -> 202606302200)...
  -> HTTP 200 OK (351913 bytes, SHA256: 04f4f1fc89f83abc...)
[12/12] Requesting NL target (202606302200 -> 202607312200)...
  -> HTTP 200 OK (34775 bytes, SHA256: 7b37774401882119...)

=== ACQUISITION COMPLETED: 2026-09-05T11:59:46.322296+00:00 ===

=== PARSING RAW XML RESPONSES & EVALUATING TARGET S ===
